
> tierlist-member-jkt48@0.1.0 build
> vite build

[36mvite v5.4.21 [32mbuilding for production...[36m[39m
transforming...
[32mΓ£ô[39m 43 modules transformed.
node.exe : [31mx[39m Build failed in 1.03s
At line:1 char:1
+ & "C:\Program Files\nodejs/node.exe" 
"C:\Program Files\nodejs/node_mo ...
+ ~~~~~~~~~~~~~~~~~~~~~~~~~~~~~~~~~~~~~~~~~~~~~~~~
~~~~~~~~~~~~~~~~~~~~~
    + CategoryInfo          : NotSpecified: ([31 
   mx[39m Build failed in 1.03s:String) [], Rem  
  oteException
    + FullyQualifiedErrorId : NativeCommandError
 
[31merror during build:
[31m[vite-plugin-pwa:build] [plugin 
vite-plugin-pwa:build] There was an error during 
the build:
  [vite]: Rollup failed to resolve import 
"playroomkit" from "C:/FileSharing/Game/Tierlist-J
KT48/src/GuessWho.jsx".
This is most likely unintended because it can 
break your application at runtime.
If you do want to externalize this module 
explicitly add it to
`build.rollupOptions.external`
Additionally, handling the error in the 
'buildEnd' hook caused the following error:
  [vite]: Rollup failed to resolve import 
"playroomkit" from "C:/FileSharing/Game/Tierlist-J
KT48/src/GuessWho.jsx".
This is most likely unintended because it can 
break your application at runtime.
If you do want to externalize this module 
explicitly add it to
`build.rollupOptions.external`[31m
    at getRollupError (file:///C:/FileSharing/Game
/Tierlist-JKT48/node_modules/rollup/dist/es/shared
/parseAst.js:400:41)
    at file:///C:/FileSharing/Game/Tierlist-JKT48/
node_modules/rollup/dist/es/shared/node-entry.js:2
3137:39
    at async catchUnfinishedHookActions (file:///C
:/FileSharing/Game/Tierlist-JKT48/node_modules/rol
lup/dist/es/shared/node-entry.js:22601:16)
    at async rollupInternal (file:///C:/FileSharin
g/Game/Tierlist-JKT48/node_modules/rollup/dist/es/
shared/node-entry.js:23120:5)
    at async build (file:///C:/FileSharing/Game/Ti
erlist-JKT48/node_modules/vite/dist/node/chunks/de
p-BK3b2jBa.js:65709:14)
    at async CAC.<anonymous> (file:///C:/FileShari
ng/Game/Tierlist-JKT48/node_modules/vite/dist/node
/cli.js:829:5)[39m
